#
# There is insufficient memory for the Java Runtime Environment to continue.
# Native memory allocation (malloc) failed to allocate 194664 bytes. Error detail: Chunk::new
# Possible reasons:
#   The system is out of physical RAM or swap space
#   This process is running with CompressedOops enabled, and the Java Heap may be blocking the growth of the native heap
# Possible solutions:
#   Reduce memory load on the system
#   Increase physical memory or swap space
#   Check if swap backing store is full
#   Decrease Java heap size (-Xmx/-Xms)
#   Decrease number of Java threads
#   Decrease Java thread stack sizes (-Xss)
#   Set larger code cache with -XX:ReservedCodeCacheSize=
#   JVM is running with Unscaled Compressed Oops mode in which the Java heap is
#     placed in the first 4GB address space. The Java Heap base address is the
#     maximum limit for the native heap growth. Please use -XX:HeapBaseMinAddress
#     to set the Java Heap base and to place the Java Heap above 4GB virtual address.
# This output file may be truncated or incomplete.
#
#  Out of Memory Error (arena.cpp:186), pid=15976, tid=2276
#
# JRE version: Java(TM) SE Runtime Environment (25.0.2+10) (build 25.0.2+10-LTS-69)
# Java VM: Java HotSpot(TM) 64-Bit Server VM (25.0.2+10-LTS-69, mixed mode, sharing, tiered, compressed oops, compressed class ptrs, parallel gc, windows-amd64)
# No core dump will be written. Minidumps are not enabled by default on client versions of Windows
#

---------------  S U M M A R Y ------------

Command Line: -Djdk.xml.maxGeneralEntitySizeLimit=0 -Djdk.xml.totalEntitySizeLimit=0 --add-modules=ALL-SYSTEM --add-opens=java.base/java.util=ALL-UNNAMED --add-opens=java.base/java.lang=ALL-UNNAMED --add-opens=java.base/sun.nio.fs=ALL-UNNAMED -Declipse.application=org.eclipse.jdt.ls.core.id1 -Dosgi.bundles.defaultStartLevel=4 -Declipse.product=org.eclipse.jdt.ls.core.product -Djava.import.generatesMetadataFilesAtProjectRoot=false -DDetectVMInstallationsJob.disabled=true -Dfile.encoding=utf8 -XX:+UseParallelGC -XX:GCTimeRatio=4 -XX:AdaptiveSizePolicyWeight=90 -Dsun.zip.disableMemoryMapping=true -Xmx2G -Xms100m -Xlog:disable -javaagent:c:\Users\Rabee\.vscode\extensions\redhat.java-1.55.0-win32-x64\lombok\lombok-1.18.39-4050.jar -XX:+HeapDumpOnOutOfMemoryError -XX:HeapDumpPath=c:\Users\Rabee\AppData\Roaming\Code\User\workspaceStorage\85d51f15f85c8d08737f4ba1b3fcde03\redhat.java -Daether.dependencyCollector.impl=bf c:\Users\Rabee\.vscode\extensions\redhat.java-1.55.0-win32-x64\server\plugins\org.eclipse.equinox.launcher_1.7.200.v20260619-2039.jar -configuration c:\Users\Rabee\AppData\Roaming\Code\User\globalStorage\redhat.java\1.55.0\config_win -data c:\Users\Rabee\AppData\Roaming\Code\User\workspaceStorage\85d51f15f85c8d08737f4ba1b3fcde03\redhat.java\jdt_ws --pipe=\\.\pipe\lsp-5714ddf2b96c383471f5c7622ae42d72-sock

Host: 11th Gen Intel(R) Core(TM) i5-1135G7 @ 2.40GHz, 8 cores, 7G,  Windows 11 , 64 bit Build 26100 (10.0.26100.8875)
Time: Tue Aug 11 18:58:20 2026 Pakistan Standard Time elapsed time: 5.008946 seconds (0d 0h 0m 5s)

---------------  T H R E A D  ---------------

Current thread (0x00000279d21b4220):  JavaThread "C2 CompilerThread0" daemon [_thread_in_native, id=2276, stack(0x000000afbd800000,0x000000afbd900000) (1024K)]


Current CompileTask:
C2:5009 1366   !   4       lombok.patcher.ScriptManager$OurClassFileTransformer::transform (473 bytes)

Stack: [0x000000afbd800000,0x000000afbd900000]
Native frames: (J=compiled Java code, j=interpreted, Vv=VM code, C=native code)
V  [jvm.dll+0x7a70f9]  (no source info available)
V  [jvm.dll+0x772d6d]  (no source info available)
V  [jvm.dll+0x965d53]  (no source info available)
V  [jvm.dll+0x968351]  (no source info available)
V  [jvm.dll+0x968a63]  (no source info available)
V  [jvm.dll+0x2fc846]  (no source info available)
V  [jvm.dll+0x111b16]  (no source info available)
V  [jvm.dll+0x111e3e]  (no source info available)
V  [jvm.dll+0x3818e1]  (no source info available)
V  [jvm.dll+0x6b8fd9]  (no source info available)
V  [jvm.dll+0x2c9d2a]  (no source info available)
V  [jvm.dll+0x2ca11f]  (no source info available)
V  [jvm.dll+0x2c25e9]  (no source info available)
V  [jvm.dll+0x2bfa65]  (no source info available)
V  [jvm.dll+0x2379a0]  (no source info available)
V  [jvm.dll+0x2cfc86]  (no source info available)
V  [jvm.dll+0x2cdf05]  (no source info available)
V  [jvm.dll+0x48e9d1]  (no source info available)
V  [jvm.dll+0x906fcd]  (no source info available)
V  [jvm.dll+0x7a56d5]  (no source info available)
C  [ucrtbase.dll+0x2cd30]  (no source info available)
C  [KERNEL32.DLL+0x2e957]  (no source info available)
C  [ntdll.dll+0xaad6c]  (no source info available)

Lock stack of current Java thread (top to bottom):


---------------  P R O C E S S  ---------------

Threads class SMR info:
_java_thread_list=0x00000279f204fe70, length=11, elements={
0x00000279d21a0c10, 0x00000279d223ed30, 0x00000279d2240310, 0x00000279d2249760,
0x00000279d2249f30, 0x00000279d224a700, 0x00000279d2247050, 0x00000279d21b4220,
0x00000279d21b5a50, 0x00000279ebe433a0, 0x00000279ebe42bd0
}

Java Threads: ( => current thread )
  0x00000279d21a0c10 JavaThread "main"                              [_thread_in_native, id=2028, stack(0x000000afbce00000,0x000000afbcf00000) (1024K)]
  0x00000279d223ed30 JavaThread "Reference Handler"          daemon [_thread_blocked, id=9916, stack(0x000000afbd200000,0x000000afbd300000) (1024K)]
  0x00000279d2240310 JavaThread "Finalizer"                  daemon [_thread_blocked, id=16600, stack(0x000000afbd300000,0x000000afbd400000) (1024K)]
  0x00000279d2249760 JavaThread "Signal Dispatcher"          daemon [_thread_blocked, id=11332, stack(0x000000afbd400000,0x000000afbd500000) (1024K)]
  0x00000279d2249f30 JavaThread "Attach Listener"            daemon [_thread_blocked, id=10652, stack(0x000000afbd500000,0x000000afbd600000) (1024K)]
  0x00000279d224a700 JavaThread "Service Thread"             daemon [_thread_blocked, id=9380, stack(0x000000afbd600000,0x000000afbd700000) (1024K)]
  0x00000279d2247050 JavaThread "Monitor Deflation Thread"   daemon [_thread_blocked, id=11888, stack(0x000000afbd700000,0x000000afbd800000) (1024K)]
=>0x00000279d21b4220 JavaThread "C2 CompilerThread0"         daemon [_thread_in_native, id=2276, stack(0x000000afbd800000,0x000000afbd900000) (1024K)]
  0x00000279d21b5a50 JavaThread "C1 CompilerThread0"         daemon [_thread_blocked, id=12268, stack(0x000000afbd900000,0x000000afbda00000) (1024K)]
  0x00000279ebe433a0 JavaThread "Common-Cleaner"             daemon [_thread_blocked, id=9352, stack(0x000000afbda00000,0x000000afbdb00000) (1024K)]
  0x00000279ebe42bd0 JavaThread "Notification Thread"        daemon [_thread_blocked, id=4680, stack(0x000000afbdb00000,0x000000afbdc00000) (1024K)]
Total: 11

Other Threads:
  0x00000279d222d4e0 VMThread "VM Thread"                           [id=16232, stack(0x000000afbd100000,0x000000afbd200000) (1024K)]
  0x00000279ebdbca00 WatcherThread "VM Periodic Task Thread"        [id=16948, stack(0x000000afbd000000,0x000000afbd100000) (1024K)]
  0x00000279d21c1c60 WorkerThread "GC Thread#0"                     [id=10900, stack(0x000000afbcf00000,0x000000afbd000000) (1024K)]
  0x00000279f25952a0 WorkerThread "GC Thread#1"                     [id=14980, stack(0x000000afbdc00000,0x000000afbdd00000) (1024K)]
  0x00000279f25a2ae0 WorkerThread "GC Thread#2"                     [id=10592, stack(0x000000afbdd00000,0x000000afbde00000) (1024K)]
  0x00000279f25a2f10 WorkerThread "GC Thread#3"                     [id=14172, stack(0x000000afbde00000,0x000000afbdf00000) (1024K)]
Total: 6

Threads with active compile tasks:
C2 CompilerThread0  6086 1366   !   4       lombok.patcher.ScriptManager$OurClassFileTransformer::transform (473 bytes)
Total: 1

VM state: not at safepoint (normal execution)

VM Mutex/Monitor currently owned by a thread: None

Heap address: 0x0000000080000000, size: 2048 MB, Compressed Oops mode: 32-bit

CDS archive(s) mapped at: [0x0000000036000000-0x0000000036dd0000-0x0000000036dd0000), size 14483456, SharedBaseAddress: 0x0000000036000000, ArchiveRelocationMode: 1.
Compressed class space mapped at: 0x0000000037000000-0x0000000077000000, reserved size: 1073741824
UseCompressedClassPointers 1, UseCompactObjectHeaders 0
Narrow klass pointer bits 32, Max shift 3
Narrow klass base: 0x0000000036000000, Narrow klass shift: 0
Encoding Range: [0x0000000036000000 - 0x0000000136000000), (4294967296 bytes)
Klass Range:    [0x0000000036010000 - 0x0000000077000000), (1090453504 bytes)
Klass ID Range:  [65536 - 1090519033) (1090453497)
Protection zone: [0x0000000036000000 - 0x0000000036010000), (65536 bytes)

GC Precious Log:
 CardTable entry size: 512
 CPUs: 8 total, 8 available
 Memory: 7886M
 Large Page Support: Disabled
 NUMA Support: Disabled
 Compressed Oops: Enabled (32-bit)
 Alignments: Space 512K, Generation 512K, Heap 2M
 Heap Min Capacity: 100M
 Heap Initial Capacity: 100M
 Heap Max Capacity: 2G
 Pre-touch: Disabled
 Parallel Workers: 8

Heap:
 PSYoungGen      total 29696K, used 15329K [0x00000000d5580000, 0x00000000d7680000, 0x0000000100000000)
  eden space 25600K, 48% used [0x00000000d5580000,0x00000000d61905e8,0x00000000d6e80000)
  from space 4096K, 72% used [0x00000000d6e80000,0x00000000d71680a0,0x00000000d7280000)
  to   space 4096K, 0% used [0x00000000d7280000,0x00000000d7280000,0x00000000d7680000)
 ParOldGen       total 68608K, used 1181K [0x0000000080000000, 0x0000000084300000, 0x00000000d5580000)
  object space 68608K, 1% used [0x0000000080000000,0x00000000801277b8,0x0000000084300000)

Card table byte_map: [0x00000279d1ca0000,0x00000279d20a0000] _byte_map_base: 0x00000279d18a0000

Marking Bits: (ParMarkBitMap*) 0x00007ffcd572eb00
 Begin Bits: [0x00000279e9ce0000, 0x00000279ebce0000)

Polling page: 0x00000279d0250000

Metaspace:
Metaspace        used 6192K, committed 6400K, reserved 1114112K
 class space     used 602K, committed 704K, reserved 1048576K

Usage:
  Non-class:      5.46 MB used.
      Class:    602.19 KB used.
       Both:      6.05 MB used.

Virtual space:
  Non-class space:       64.00 MB reserved,       5.56 MB (  9%) committed,  1 nodes.
      Class space:        1.00 GB reserved,     704.00 KB ( <1%) committed,  1 nodes.
             Both:        1.06 GB reserved,       6.25 MB ( <1%) committed. 

Chunk freelists:
   Non-Class:  10.02 MB
       Class:  15.34 MB
        Both:  25.36 MB

MaxMetaspaceSize: unlimited
CompressedClassSpaceSize: 1.00 GB
Initial GC threshold: 21.00 MB
Current GC threshold: 21.00 MB
CDS: on
 - commit_granule_bytes: 65536.
 - commit_granule_words: 8192.
 - virtual_space_node_default_size: 8388608.
 - enlarge_chunks_in_place: 1.
UseCompressedClassPointers 1, UseCompactObjectHeaders 0
Narrow klass pointer bits 32, Max shift 3
Narrow klass base: 0x0000000036000000, Narrow klass shift: 0
Encoding Range: [0x0000000036000000 - 0x0000000136000000), (4294967296 bytes)
Klass Range:    [0x0000000036010000 - 0x0000000077000000), (1090453504 bytes)
Klass ID Range:  [65536 - 1090519033) (1090453497)
Protection zone: [0x0000000036000000 - 0x0000000036010000), (65536 bytes)


Internal statistics:

num_allocs_failed_limit: 0.
num_arena_births: 128.
num_arena_deaths: 0.
num_vsnodes_births: 2.
num_vsnodes_deaths: 0.
num_space_committed: 100.
num_space_uncommitted: 0.
num_chunks_returned_to_freelist: 0.
num_chunks_taken_from_freelist: 251.
num_chunk_merges: 0.
num_chunk_splits: 161.
num_chunks_enlarged: 109.
num_inconsistent_stats: 0.

CodeHeap 'non-profiled nmethods': size=120064Kb used=411Kb max_used=411Kb free=119652Kb
 bounds [0x00000279e24f0000, 0x00000279e2760000, 0x00000279e9a30000]
CodeHeap 'profiled nmethods': size=120000Kb used=1881Kb max_used=1881Kb free=118118Kb
 bounds [0x00000279daa30000, 0x00000279daca0000, 0x00000279e1f60000]
CodeHeap 'non-nmethods': size=5696Kb used=1311Kb max_used=1317Kb free=4384Kb
 bounds [0x00000279e1f60000, 0x00000279e21d0000, 0x00000279e24f0000]
CodeCache: size=245760Kb, used=3603Kb, max_used=3609Kb, free=242154Kb
 total_blobs=1925, nmethods=1421, adapters=410, full_count=0
Compilation: enabled, stopped_count=0, restarted_count=0

Compilation events (20 events):
Event: 2.992 Thread 0x00000279d21b5a50 1360       3       java.security.Provider::getService (153 bytes)
Event: 2.993 Thread 0x00000279d21b5a50 nmethod 1360 0x00000279dabde608 code [0x00000279dabde700, 0x00000279dabdfb38]
Event: 2.993 Thread 0x00000279d21b5a50 1361       3       java.security.Provider$ServiceKey::matches (22 bytes)
Event: 2.993 Thread 0x00000279d21b5a50 nmethod 1361 0x00000279dabdfb88 code [0x00000279dabdfc80, 0x00000279dabdfe08]
Event: 2.993 Thread 0x00000279d21b5a50 1362       3       java.util.zip.ZipCoder::hash (36 bytes)
Event: 2.994 Thread 0x00000279d21b5a50 nmethod 1362 0x00000279dabdfe88 code [0x00000279dabdff80, 0x00000279dabe08d8]
Event: 2.995 Thread 0x00000279d21b4220 1363       4       java.util.concurrent.ConcurrentHashMap::setTabAt (19 bytes)
Event: 2.995 Thread 0x00000279d21b5a50 1364       3       java.net.URL::toExternalForm (9 bytes)
Event: 2.996 Thread 0x00000279d21b5a50 nmethod 1364 0x00000279dabe0908 code [0x00000279dabe0a00, 0x00000279dabe0bd0]
Event: 2.996 Thread 0x00000279d21b5a50 1365       3       java.net.URLStreamHandler::toExternalForm (156 bytes)
Event: 2.996 Thread 0x00000279d21b4220 nmethod 1363 0x00000279e2555508 code [0x00000279e2555600, 0x00000279e2555688]
Event: 2.996 Thread 0x00000279d21b4220 1366   !   4       lombok.patcher.ScriptManager$OurClassFileTransformer::transform (473 bytes)
Event: 2.997 Thread 0x00000279d21b5a50 nmethod 1365 0x00000279dabe0c08 code [0x00000279dabe0d00, 0x00000279dabe2fd0]
Event: 2.997 Thread 0x00000279d21b5a50 1367  s    3       jdk.internal.loader.Resource::cachedInputStream (20 bytes)
Event: 2.997 Thread 0x00000279d21b5a50 nmethod 1367 0x00000279dabe3008 code [0x00000279dabe3100, 0x00000279dabe34e8]
Event: 2.998 Thread 0x00000279d21b5a50 1368       3       java.lang.System::getProperty (12 bytes)
Event: 2.998 Thread 0x00000279d21b5a50 nmethod 1368 0x00000279dabe3508 code [0x00000279dabe3600, 0x00000279dabe3b60]
Event: 3.004 Thread 0x00000279d21b5a50 1370   !   3       java.lang.String::newStringNoRepl1 (284 bytes)
Event: 5.005 Thread 0x00000279d21b5a50 nmethod 1370 0x00000279dabe3b88 code [0x00000279dabe3c80, 0x00000279dabe5118]
Event: 5.005 Thread 0x00000279d21b5a50 1371   !   3       java.lang.String::newStringNoRepl (33 bytes)

GC Heap Usage History (2 events):
Event: 2.672 {heap Before GC invocations=1 (full 0):
 PSYoungGen      total 29696K, used 25600K [0x00000000d5580000, 0x00000000d7680000, 0x0000000100000000)
  eden space 25600K, 100% used [0x00000000d5580000,0x00000000d6e80000,0x00000000d6e80000)
  from space 4096K, 0% used [0x00000000d7280000,0x00000000d7280000,0x00000000d7680000)
  to   space 4096K, 0% used [0x00000000d6e80000,0x00000000d6e80000,0x00000000d7280000)
 ParOldGen       total 68608K, used 1173K [0x0000000080000000, 0x0000000084300000, 0x00000000d5580000)
Event: 2.680 {heap After GC invocations=1 (full 0):
 PSYoungGen      total 29696K, used 2976K [0x00000000d5580000, 0x00000000d7680000, 0x0000000100000000)
  eden space 25600K, 0% used [0x00000000d5580000,0x00000000d5580000,0x00000000d6e80000)
  from space 4096K, 72% used [0x00000000d6e80000,0x00000000d71680a0,0x00000000d7280000)
  to   space 4096K, 0% used [0x00000000d7280000,0x00000000d7280000,0x00000000d7680000)
 ParOldGen       total 68608K, used 1181K [0x0000000080000000, 0x0000000084300000, 0x00000000d5580000)
  o
Metaspace Usage History (2 events):
Event: 2.672 {metaspace Before GC invocations=1 (full 0):
 Metaspace       used 4176K, committed 4480K, reserved 1114112K
  class space    used 429K, committed 576K, reserved 1048576K
}
Event: 2.680 {metaspace After GC invocations=1 (full 0):
 Metaspace       used 4176K, committed 4480K, reserved 1114112K
  class space    used 429K, committed 576K, reserved 1048576K
}

Dll operation events (8 events):
Event: 0.037 Loaded shared library C:\Program Files\Java\jdk-25.0.2\bin\java.dll
Event: 0.205 Loaded shared library C:\Program Files\Java\jdk-25.0.2\bin\zip.dll
Event: 0.211 Loaded shared library C:\Program Files\Java\jdk-25.0.2\bin\instrument.dll
Event: 0.218 Loaded shared library C:\Program Files\Java\jdk-25.0.2\bin\net.dll
Event: 0.221 Loaded shared library C:\Program Files\Java\jdk-25.0.2\bin\nio.dll
Event: 0.226 Loaded shared library C:\Program Files\Java\jdk-25.0.2\bin\zip.dll
Event: 0.286 Loaded shared library C:\Program Files\Java\jdk-25.0.2\bin\jimage.dll
Event: 0.548 Loaded shared library C:\Program Files\Java\jdk-25.0.2\bin\verify.dll

Deoptimization events (20 events):
Event: 2.950 Thread 0x00000279d21a0c10 DEOPT PACKING pc=0x00000279daa5f970 sp=0x000000afbcefead0
Event: 2.950 Thread 0x00000279d21a0c10 DEOPT UNPACKING pc=0x00000279e1fb0fa2 sp=0x000000afbcefdf08 mode 0
Event: 2.950 Thread 0x00000279d21a0c10 Uncommon trap: trap_request=0xffffff45 fr.pc=0x00000279e25077fc relative=0x00000000000000fc
Event: 2.950 Thread 0x00000279d21a0c10 Uncommon trap: reason=unstable_if action=reinterpret pc=0x00000279e25077fc method=java.lang.StringCoding.countPositives([BII)I @ 17 c2
Event: 2.950 Thread 0x00000279d21a0c10 DEOPT PACKING pc=0x00000279e25077fc sp=0x000000afbcefea70
Event: 2.950 Thread 0x00000279d21a0c10 DEOPT UNPACKING pc=0x00000279e1fe2702 sp=0x000000afbcefea10 mode 2
Event: 2.953 Thread 0x00000279d21a0c10 DEOPT PACKING pc=0x00000279dabc9af8 sp=0x000000afbcefeab0
Event: 2.953 Thread 0x00000279d21a0c10 DEOPT UNPACKING pc=0x00000279e1fb0fa2 sp=0x000000afbcefdf20 mode 0
Event: 2.955 Thread 0x00000279d21a0c10 DEOPT PACKING pc=0x00000279dabc9af8 sp=0x000000afbcefeab0
Event: 2.955 Thread 0x00000279d21a0c10 DEOPT UNPACKING pc=0x00000279e1fb0fa2 sp=0x000000afbcefdf20 mode 0
Event: 2.963 Thread 0x00000279d21a0c10 DEOPT PACKING pc=0x00000279dabc9af8 sp=0x000000afbcefe580
Event: 2.963 Thread 0x00000279d21a0c10 DEOPT UNPACKING pc=0x00000279e1fb0fa2 sp=0x000000afbcefda08 mode 0
Event: 3.004 Thread 0x00000279d21a0c10 DEOPT PACKING pc=0x00000279dabc9af8 sp=0x000000afbcefe9c0
Event: 3.004 Thread 0x00000279d21a0c10 DEOPT UNPACKING pc=0x00000279e1fb0fa2 sp=0x000000afbcefde30 mode 0
Event: 3.004 Thread 0x00000279d21a0c10 DEOPT PACKING pc=0x00000279dabc9af8 sp=0x000000afbcefe9c0
Event: 3.004 Thread 0x00000279d21a0c10 DEOPT UNPACKING pc=0x00000279e1fb0fa2 sp=0x000000afbcefde30 mode 0
Event: 3.004 Thread 0x00000279d21a0c10 DEOPT PACKING pc=0x00000279dabc9af8 sp=0x000000afbcefe9c0
Event: 3.004 Thread 0x00000279d21a0c10 DEOPT UNPACKING pc=0x00000279e1fb0fa2 sp=0x000000afbcefde30 mode 0
Event: 3.005 Thread 0x00000279d21a0c10 DEOPT PACKING pc=0x00000279dabc9af8 sp=0x000000afbcefe9c0
Event: 5.005 Thread 0x00000279d21a0c10 DEOPT UNPACKING pc=0x00000279e1fb0fa2 sp=0x000000afbcefde30 mode 0

Classes loaded (20 events):
Event: 2.978 Loading class java/util/concurrent/SynchronousQueue$Transferer
Event: 2.978 Loading class java/util/concurrent/LinkedTransferQueue
Event: 2.978 Loading class java/util/concurrent/TransferQueue
Event: 2.978 Loading class java/util/concurrent/TransferQueue done
Event: 2.979 Loading class java/util/concurrent/LinkedTransferQueue done
Event: 2.979 Loading class java/util/concurrent/SynchronousQueue$Transferer done
Event: 2.979 Loading class java/util/concurrent/LinkedTransferQueue$DualNode
Event: 2.979 Loading class java/util/concurrent/ForkJoinPool$ManagedBlocker
Event: 2.979 Loading class java/util/concurrent/ForkJoinPool$ManagedBlocker done
Event: 2.979 Loading class java/util/concurrent/LinkedTransferQueue$DualNode done
Event: 2.980 Loading class java/util/concurrent/RejectedExecutionHandler
Event: 2.980 Loading class java/util/concurrent/RejectedExecutionHandler done
Event: 2.980 Loading class java/util/concurrent/LinkedBlockingQueue
Event: 2.980 Loading class java/util/concurrent/LinkedBlockingQueue done
Event: 2.980 Loading class java/util/concurrent/LinkedBlockingQueue$Node
Event: 2.980 Loading class java/util/concurrent/LinkedBlockingQueue$Node done
Event: 2.992 Loading class java/util/concurrent/Semaphore$NonfairSync
Event: 2.993 Loading class java/util/concurrent/Semaphore$Sync
Event: 2.995 Loading class java/util/concurrent/Semaphore$Sync done
Event: 2.995 Loading class java/util/concurrent/Semaphore$NonfairSync done

Classes unloaded (0 events):
No events

Classes redefined (0 events):
No events

Internal exceptions (20 events):
Event: 2.367 Thread 0x00000279d21a0c10 Exception <a 'java/io/FileNotFoundException'{0x00000000d66ce460}> (0x00000000d66ce460) 
thrown [s\open\src\hotspot\share\prims\jni.cpp, line 516]
Event: 2.368 Thread 0x00000279d21a0c10 Exception <a 'java/io/FileNotFoundException'{0x00000000d66cf6e8}> (0x00000000d66cf6e8) 
thrown [s\open\src\hotspot\share\prims\jni.cpp, line 516]
Event: 2.368 Thread 0x00000279d21a0c10 Exception <a 'java/io/FileNotFoundException'{0x00000000d66d0358}> (0x00000000d66d0358) 
thrown [s\open\src\hotspot\share\prims\jni.cpp, line 516]
Event: 2.369 Thread 0x00000279d21a0c10 Exception <a 'java/io/FileNotFoundException'{0x00000000d66d0e90}> (0x00000000d66d0e90) 
thrown [s\open\src\hotspot\share\prims\jni.cpp, line 516]
Event: 2.375 Thread 0x00000279d21a0c10 Exception <a 'java/io/FileNotFoundException'{0x00000000d67002b8}> (0x00000000d67002b8) 
thrown [s\open\src\hotspot\share\prims\jni.cpp, line 516]
Event: 2.392 Thread 0x00000279d21a0c10 Exception <a 'java/lang/NoSuchMethodError'{0x00000000d6752a70}: 'java.lang.Object java.lang.invoke.DirectMethodHandle$Holder.invokeInterface(java.lang.Object, java.lang.Object)'> (0x00000000d6752a70) 
thrown [s\open\src\hotspot\share\interpreter\linkResolver.cpp, line 804]
Event: 2.396 Thread 0x00000279d21a0c10 Exception <a 'java/lang/NoSuchMethodError'{0x00000000d6774b40}: 'int java.lang.invoke.DirectMethodHandle$Holder.invokeStatic(java.lang.Object, java.lang.Object, java.lang.Object, java.lang.Object)'> (0x00000000d6774b40) 
thrown [s\open\src\hotspot\share\interpreter\linkResolver.cpp, line 804]
Event: 2.410 Thread 0x00000279d21a0c10 Exception <a 'java/lang/NoSuchMethodError'{0x00000000d67c7650}: 'int java.lang.invoke.DirectMethodHandle$Holder.invokeStatic(java.lang.Object, java.lang.Object, java.lang.Object, java.lang.Object, java.lang.Object)'> (0x00000000d67c7650) 
thrown [s\open\src\hotspot\share\interpreter\linkResolver.cpp, line 804]
Event: 2.436 Thread 0x00000279d21a0c10 Exception <a 'java/lang/NoSuchMethodError'{0x00000000d68722b8}: 'java.lang.Object java.lang.invoke.DirectMethodHandle$Holder.invokeInterface(java.lang.Object, java.lang.Object, int)'> (0x00000000d68722b8) 
thrown [s\open\src\hotspot\share\interpreter\linkResolver.cpp, line 804]
Event: 2.762 Thread 0x00000279d21a0c10 Exception <a 'java/lang/ClassNotFoundException'{0x00000000d57d4398}: sun/net/www/protocol/c/Handler> (0x00000000d57d4398) 
thrown [s\open\src\hotspot\share\classfile\systemDictionary.cpp, line 327]
Event: 2.763 Thread 0x00000279d21a0c10 Exception <a 'java/lang/ClassNotFoundException'{0x00000000d57d5758}: sun/net/www/protocol/d/Handler> (0x00000000d57d5758) 
thrown [s\open\src\hotspot\share\classfile\systemDictionary.cpp, line 327]
Event: 2.763 Thread 0x00000279d21a0c10 Exception <a 'java/lang/ClassNotFoundException'{0x00000000d57d6968}: sun/net/www/protocol/c/Handler> (0x00000000d57d6968) 
thrown [s\open\src\hotspot\share\classfile\systemDictionary.cpp, line 327]
Event: 2.791 Thread 0x00000279d21a0c10 Exception <a 'java/io/IOException'{0x00000000d57ff9d0}> (0x00000000d57ff9d0) 
thrown [s\open\src\hotspot\share\prims\jni.cpp, line 516]
Event: 2.792 Thread 0x00000279d21a0c10 Exception <a 'java/io/FileNotFoundException'{0x00000000d5801630}> (0x00000000d5801630) 
thrown [s\open\src\hotspot\share\prims\jni.cpp, line 516]
Event: 2.859 Thread 0x00000279d21a0c10 Implicit null exception at 0x00000279e2549939 to 0x00000279e254a1d8
Event: 2.859 Thread 0x00000279d21a0c10 Implicit null exception at 0x00000279e254914a to 0x00000279e2549340
Event: 2.859 Thread 0x00000279d21a0c10 Exception <a 'java/lang/NoSuchMethodError'{0x00000000d591cbc8}: 'void java.lang.invoke.DirectMethodHandle$Holder.invokeStatic(java.lang.Object, java.lang.Object, java.lang.Object, java.lang.Object)'> (0x00000000d591cbc8) 
thrown [s\open\src\hotspot\share\interpreter\linkResolver.cpp, line 804]
Event: 2.861 Thread 0x00000279d21a0c10 Implicit null exception at 0x00000279e253c61d to 0x00000279e253c695
Event: 2.921 Thread 0x00000279d21a0c10 Exception <a 'java/io/IOException'{0x00000000d5acd7a8}> (0x00000000d5acd7a8) 
thrown [s\open\src\hotspot\share\prims\jni.cpp, line 516]
Event: 2.956 Thread 0x00000279d21a0c10 Exception <a 'java/lang/NoSuchMethodError'{0x00000000d5bd4b28}: 'void java.lang.invoke.DirectMethodHandle$Holder.invokeSpecial(java.lang.Object, java.lang.Object, java.lang.Object)'> (0x00000000d5bd4b28) 
thrown [s\open\src\hotspot\share\interpreter\linkResolver.cpp, line 804]

VM Operations (12 events):
Event: 0.176 Executing non-safepoint VM operation: HandshakeAllThreads (Deoptimize)
Event: 0.176 Executing non-safepoint VM operation: HandshakeAllThreads (Deoptimize) done
Event: 0.306 Executing non-safepoint VM operation: HandshakeAllThreads (Deoptimize)
Event: 0.306 Executing non-safepoint VM operation: HandshakeAllThreads (Deoptimize) done
Event: 2.319 Executing non-safepoint VM operation: HandshakeAllThreads (Deoptimize)
Event: 2.320 Executing non-safepoint VM operation: HandshakeAllThreads (Deoptimize) done
Event: 2.343 Executing non-safepoint VM operation: HandshakeAllThreads (Deoptimize)
Event: 2.343 Executing non-safepoint VM operation: HandshakeAllThreads (Deoptimize) done
Event: 2.398 Executing non-safepoint VM operation: HandshakeAllThreads (Deoptimize)
Event: 2.398 Executing non-safepoint VM operation: HandshakeAllThreads (Deoptimize) done
Event: 2.672 Executing safepoint VM operation: ParallelCollectForAllocation (Allocation Failure)
Event: 2.680 Executing safepoint VM operation: ParallelCollectForAllocation (Allocation Failure) done

Memory protections (0 events):
No events

Nmethod flushes (0 events):
No events

Events (11 events):
Event: 0.099 Thread 0x00000279d21a0c10 Thread added: 0x00000279d21a0c10
Event: 0.119 Thread 0x00000279d21a0c10 Thread added: 0x00000279d223ed30
Event: 0.119 Thread 0x00000279d21a0c10 Thread added: 0x00000279d2240310
Event: 0.119 Thread 0x00000279d21a0c10 Thread added: 0x00000279d2249760
Event: 0.119 Thread 0x00000279d21a0c10 Thread added: 0x00000279d2249f30
Event: 0.119 Thread 0x00000279d21a0c10 Thread added: 0x00000279d224a700
Event: 0.120 Thread 0x00000279d21a0c10 Thread added: 0x00000279d2247050
Event: 0.120 Thread 0x00000279d21a0c10 Thread added: 0x00000279d21b4220
Event: 0.122 Thread 0x00000279d21a0c10 Thread added: 0x00000279d21b5a50
Event: 0.214 Thread 0x00000279d21a0c10 Thread added: 0x00000279ebe433a0
Event: 1.023 Thread 0x00000279d21a0c10 Thread added: 0x00000279ebe42bd0


Dynamic libraries:
0x00007ff66dbf0000 - 0x00007ff66dc00000 	C:\Program Files\Java\jdk-25.0.2\bin\java.exe
0x00007ffd95060000 - 0x00007ffd952c6000 	C:\WINDOWS\SYSTEM32\ntdll.dll
0x00007ffd94470000 - 0x00007ffd94539000 	C:\WINDOWS\System32\KERNEL32.DLL
0x00007ffd928d0000 - 0x00007ffd92cce000 	C:\WINDOWS\System32\KERNELBASE.dll
0x00007ffd92500000 - 0x00007ffd9264c000 	C:\WINDOWS\System32\ucrtbase.dll
0x00007ffd8d620000 - 0x00007ffd8d63e000 	C:\Program Files\Java\jdk-25.0.2\bin\VCRUNTIME140.dll
0x00007ffd77390000 - 0x00007ffd773a7000 	C:\Program Files\Java\jdk-25.0.2\bin\jli.dll
0x00007ffd930e0000 - 0x00007ffd932a7000 	C:\WINDOWS\System32\USER32.dll
0x00007ffd92660000 - 0x00007ffd92687000 	C:\WINDOWS\System32\win32u.dll
0x00007ffd91660000 - 0x00007ffd918f2000 	C:\WINDOWS\WinSxS\amd64_microsoft.windows.common-controls_6595b64144ccf1df_6.0.26100.8875_none_3e0d5d42e32fe9dd\COMCTL32.dll
0x00007ffd94ab0000 - 0x00007ffd94adb000 	C:\WINDOWS\System32\GDI32.dll
0x00007ffd94e00000 - 0x00007ffd94ea9000 	C:\WINDOWS\System32\msvcrt.dll
0x00007ffd92280000 - 0x00007ffd923aa000 	C:\WINDOWS\System32\gdi32full.dll
0x00007ffd92ce0000 - 0x00007ffd92d83000 	C:\WINDOWS\System32\msvcp_win.dll
0x00007ffd939d0000 - 0x00007ffd93a02000 	C:\WINDOWS\System32\IMM32.DLL
0x00007ffd77380000 - 0x00007ffd7738c000 	C:\Program Files\Java\jdk-25.0.2\bin\vcruntime140_1.dll
0x00007ffd772f0000 - 0x00007ffd7737d000 	C:\Program Files\Java\jdk-25.0.2\bin\msvcp140.dll
0x00007ffcd49b0000 - 0x00007ffcd580f000 	C:\Program Files\Java\jdk-25.0.2\bin\server\jvm.dll
0x00007ffd94b00000 - 0x00007ffd94bb7000 	C:\WINDOWS\System32\ADVAPI32.dll
0x00007ffd93310000 - 0x00007ffd933ba000 	C:\WINDOWS\System32\sechost.dll
0x00007ffd93a20000 - 0x00007ffd93b38000 	C:\WINDOWS\System32\RPCRT4.dll
0x00007ffd942e0000 - 0x00007ffd94360000 	C:\WINDOWS\System32\WS2_32.dll
0x00007ffd920e0000 - 0x00007ffd9213e000 	C:\WINDOWS\SYSTEM32\POWRPROF.dll
0x00007ffd78090000 - 0x00007ffd780c6000 	C:\WINDOWS\SYSTEM32\WINMM.dll
0x00007ffd8fc10000 - 0x00007ffd8fc1b000 	C:\WINDOWS\SYSTEM32\VERSION.dll
0x00007ffd920c0000 - 0x00007ffd920d4000 	C:\WINDOWS\SYSTEM32\UMPDC.dll
0x00007ffd908b0000 - 0x00007ffd908cb000 	C:\WINDOWS\SYSTEM32\kernel.appcore.dll
0x00007ffd772e0000 - 0x00007ffd772ea000 	C:\Program Files\Java\jdk-25.0.2\bin\jimage.dll
0x00007ffd91a10000 - 0x00007ffd91c52000 	C:\WINDOWS\SYSTEM32\DBGHELP.DLL
0x00007ffd935b0000 - 0x00007ffd93933000 	C:\WINDOWS\System32\combase.dll
0x00007ffd94540000 - 0x00007ffd94619000 	C:\WINDOWS\System32\OLEAUT32.dll
0x00007ffd91900000 - 0x00007ffd9193b000 	C:\WINDOWS\SYSTEM32\dbgcore.DLL
0x00007ffd92810000 - 0x00007ffd928bc000 	C:\WINDOWS\System32\bcryptPrimitives.dll
0x00007ffd772d0000 - 0x00007ffd772e0000 	C:\Program Files\Java\jdk-25.0.2\bin\instrument.dll
0x00007ffd772b0000 - 0x00007ffd772cf000 	C:\Program Files\Java\jdk-25.0.2\bin\java.dll
0x00007ffd94c60000 - 0x00007ffd94df9000 	C:\WINDOWS\System32\ole32.dll
0x00007ffd93b40000 - 0x00007ffd942d2000 	C:\WINDOWS\System32\SHELL32.dll
0x00007ffd8ed30000 - 0x00007ffd8f5c2000 	C:\WINDOWS\SYSTEM32\windows.storage.dll
0x00007ffd94370000 - 0x00007ffd94467000 	C:\WINDOWS\System32\SHCORE.dll
0x00007ffd934b0000 - 0x00007ffd93517000 	C:\WINDOWS\System32\shlwapi.dll
0x00007ffd921a0000 - 0x00007ffd921c9000 	C:\WINDOWS\SYSTEM32\profapi.dll
0x00007ffd77290000 - 0x00007ffd772a7000 	C:\Program Files\Java\jdk-25.0.2\bin\zip.dll
0x00007ffd72ba0000 - 0x00007ffd72bb2000 	C:\Program Files\Java\jdk-25.0.2\bin\net.dll
0x00007ffd904f0000 - 0x00007ffd9055c000 	C:\WINDOWS\system32\mswsock.dll
0x00007ffd72b80000 - 0x00007ffd72b96000 	C:\Program Files\Java\jdk-25.0.2\bin\nio.dll
0x00007ffd77280000 - 0x00007ffd77290000 	C:\Program Files\Java\jdk-25.0.2\bin\verify.dll

JVMTI agents:
c:\Users\Rabee\.vscode\extensions\redhat.java-1.55.0-win32-x64\lombok\lombok-1.18.39-4050.jar path:C:\Program Files\Java\jdk-25.0.2\bin\instrument.dll, loaded, initialized, instrumentlib options:none

dbghelp: loaded successfully - version: 4.0.5 - missing functions: none
symbol engine: initialized successfully - sym options: 0x614 - pdb path: .;C:\Program Files\Java\jdk-25.0.2\bin;C:\WINDOWS\SYSTEM32;C:\WINDOWS\WinSxS\amd64_microsoft.windows.common-controls_6595b64144ccf1df_6.0.26100.8875_none_3e0d5d42e32fe9dd;C:\Program Files\Java\jdk-25.0.2\bin\server

VM Arguments:
jvm_args: -Djdk.xml.maxGeneralEntitySizeLimit=0 -Djdk.xml.totalEntitySizeLimit=0 --add-modules=ALL-SYSTEM --add-opens=java.base/java.util=ALL-UNNAMED --add-opens=java.base/java.lang=ALL-UNNAMED --add-opens=java.base/sun.nio.fs=ALL-UNNAMED -Declipse.application=org.eclipse.jdt.ls.core.id1 -Dosgi.bundles.defaultStartLevel=4 -Declipse.product=org.eclipse.jdt.ls.core.product -Djava.import.generatesMetadataFilesAtProjectRoot=false -DDetectVMInstallationsJob.disabled=true -Dfile.encoding=utf8 -XX:+UseParallelGC -XX:GCTimeRatio=4 -XX:AdaptiveSizePolicyWeight=90 -Dsun.zip.disableMemoryMapping=true -Xmx2G -Xms100m -Xlog:disable -javaagent:c:\Users\Rabee\.vscode\extensions\redhat.java-1.55.0-win32-x64\lombok\lombok-1.18.39-4050.jar -XX:+HeapDumpOnOutOfMemoryError -XX:HeapDumpPath=c:\Users\Rabee\AppData\Roaming\Code\User\workspaceStorage\85d51f15f85c8d08737f4ba1b3fcde03\redhat.java -Daether.dependencyCollector.impl=bf 
java_command: c:\Users\Rabee\.vscode\extensions\redhat.java-1.55.0-win32-x64\server\plugins\org.eclipse.equinox.launcher_1.7.200.v20260619-2039.jar -configuration c:\Users\Rabee\AppData\Roaming\Code\User\globalStorage\redhat.java\1.55.0\config_win -data c:\Users\Rabee\AppData\Roaming\Code\User\workspaceStorage\85d51f15f85c8d08737f4ba1b3fcde03\redhat.java\jdt_ws --pipe=\\.\pipe\lsp-5714ddf2b96c383471f5c7622ae42d72-sock
java_class_path (initial): c:\Users\Rabee\.vscode\extensions\redhat.java-1.55.0-win32-x64\server\plugins\org.eclipse.equinox.launcher_1.7.200.v20260619-2039.jar
Launcher Type: SUN_STANDARD

[Global flags]
     uint AdaptiveSizePolicyWeight                 = 90                                        {product} {command line}
     intx CICompilerCount                          = 4                                         {product} {ergonomic}
     uint GCTimeRatio                              = 4                                         {product} {command line}
     bool HeapDumpOnOutOfMemoryError               = true                                   {manageable} {command line}
    ccstr HeapDumpPath                             = c:\Users\Rabee\AppData\Roaming\Code\User\workspaceStorage\85d51f15f85c8d08737f4ba1b3fcde03\redhat.java         {manageable} {command line}
   size_t InitialHeapSize                          = 104857600                                 {product} {command line}
   size_t MaxHeapSize                              = 2147483648                                {product} {command line}
   size_t MaxNewSize                               = 715653120                                 {product} {ergonomic}
   size_t MinHeapDeltaBytes                        = 524288                                    {product} {ergonomic}
   size_t MinHeapSize                              = 104857600                                 {product} {command line}
   size_t NewSize                                  = 34603008                                  {product} {ergonomic}
    uintx NonNMethodCodeHeapSize                   = 5832704                                {pd product} {ergonomic}
    uintx NonProfiledCodeHeapSize                  = 122945536                              {pd product} {ergonomic}
    uintx ProfiledCodeHeapSize                     = 122880000                              {pd product} {ergonomic}
    uintx ReservedCodeCacheSize                    = 251658240                              {pd product} {ergonomic}
     bool SegmentedCodeCache                       = true                                      {product} {ergonomic}
   size_t SoftMaxHeapSize                          = 2147483648                             {manageable} {ergonomic}
     bool UseCompressedOops                        = true                           {product lp64_product} {ergonomic}
     bool UseLargePagesIndividualAllocation        = false                                  {pd product} {ergonomic}
     bool UseParallelGC                            = true                                      {product} {command line}

Logging:
Log output configuration:
 #0: stdout all=off uptime,level,tags foldmultilines=false
 #1: stderr all=off uptime,level,tags foldmultilines=false

Release file:
IMPLEMENTOR="Oracle Corporation" 
JAVA_RUNTIME_VERSION="25.0.2+10-LTS-69" 
JAVA_VERSION="25.0.2" 
JAVA_VERSION_DATE="2026-01-20" 
LIBC="default" 
MODULES="java.base java.compiler java.datatransfer java.xml java.prefs java.desktop java.instrument java.logging java.management java.security.sasl java.naming java.rmi java.management.rmi java.net.http java.scripting java.security.jgss java.transaction.xa java.sql java.sql.rowset java.xml.crypto java.se java.smartcardio jdk.accessibility jdk.internal.jvmstat jdk.attach jdk.charsets jdk.internal.opt jdk.zipfs jdk.compiler jdk.crypto.cryptoki jdk.crypto.ec jdk.crypto.mscapi jdk.dynalink jdk.internal.ed jdk.editpad jdk.internal.vm.ci jdk.graal.compiler jdk.graal.compiler.management jdk.hotspot.agent jdk.httpserver jdk.incubator.vector jdk.internal.le jdk.internal.md jdk.jartool jdk.javadoc jdk.jcmd jdk.management jdk.management.agent jdk.jconsole jdk.jdeps jdk.jdwp.agent jdk.jdi jdk.jfr jdk.jlink jdk.jpackage jdk.jshell jdk.jsobject jdk.jstatd jdk.localedata jdk.management.jfr jdk.naming.dns jdk.naming.rmi jdk.net jdk.nio.mapmode jdk.sctp jdk.security.auth jdk.security.jgss jdk.unsupported jdk.unsupported.desktop jdk.xml.dom" 
OS_ARCH="x86_64" 
OS_NAME="Windows" 
SOURCE=".:git:b75efb40c93a open:git:405a5699ebd0" 

Environment Variables:
JAVA_HOME=C:\Program Files\Java\jdk-25.0.2\bin
PATH=C:\Program Files\Common Files\Oracle\Java\javapath;C:\Windows\system32;C:\Windows;C:\Windows\System32\Wbem;C:\Windows\System32\WindowsPowerShell\v1.0\;C:\Windows\System32\OpenSSH\;C:\Program Files (x86)\NVIDIA Corporation\PhysX\Common;C:\Program Files\NVIDIA Corporation\NVIDIA NvDLISR;C:\WINDOWS\system32;C:\WINDOWS;C:\WINDOWS\System32\Wbem;C:\WINDOWS\System32\WindowsPowerShell\v1.0\;C:\WINDOWS\System32\OpenSSH\;C:\MinGW\bin;C:\Program Files\Docker\Docker\resources\bin;C:\Program Files\Git\cmd;C:\Program Files\Git\mingw64\bin;C:\Program Files\Git\usr\bin;C:\Users\Rabee\AppData\Local\Programs\Python\Python311\Scripts\;C:\Users\Rabee\AppData\Local\Programs\Python\Python311\;C:\Users\Rabee\AppData\Local\Microsoft\WindowsApps;C:\Users\Rabee\OneDrive\Documents\heroku\bin;C:\MinGW\bin;C:\ProgramData\Rabee\GitHubDesktop\bin;C:\Users\Rabee\AppData\Local\GitHubDesktop\bin;C:\Program Files\JetBrains\IntelliJ IDEA 2026.1.1\bin;C:\Users\Rabee\AppData\Local\Programs\Microsoft VS Code\bin
USERNAME=Rabee
OS=Windows_NT
PROCESSOR_IDENTIFIER=Intel64 Family 6 Model 140 Stepping 1, GenuineIntel
TMP=C:\Users\Rabee\AppData\Local\Temp
TEMP=C:\Users\Rabee\AppData\Local\Temp




Compilation memory statistics disabled.

Periodic native trim disabled

---------------  S Y S T E M  ---------------

OS:
 Windows 11 , 64 bit Build 26100 (10.0.26100.8875)
OS uptime: 0 days 0:09 hours
Hyper-V role detected

CPU: total 8 (initial active 8) (4 cores per cpu, 2 threads per core) family 6 model 140 stepping 1 microcode 0xa6, cx8, cmov, fxsr, ht, mmx, 3dnowpref, sse, sse2, sse3, ssse3, sse4.1, sse4.2, popcnt, lzcnt, tsc, tscinvbit, avx, avx2, aes, erms, clmul, bmi1, bmi2, adx, avx512f, avx512dq, avx512cd, avx512bw, avx512vl, sha, fma, vzeroupper, avx512_vpopcntdq, avx512_vpclmulqdq, avx512_vaes, avx512_vnni, clflush, clflushopt, clwb, avx512_vbmi2, avx512_vbmi, hv, rdtscp, rdpid, fsrm, gfni, avx512_bitalg, f16c, cet_ibt, cet_ss, avx512_ifma
Processor Information for processor 0
  Max Mhz: 2419, Current Mhz: 2419, Mhz Limit: 2419
Processor Information for processor 1
  Max Mhz: 2419, Current Mhz: 1007, Mhz Limit: 2419
Processor Information for processor 2
  Max Mhz: 2419, Current Mhz: 2419, Mhz Limit: 2419
Processor Information for processor 3
  Max Mhz: 2419, Current Mhz: 1007, Mhz Limit: 2419
Processor Information for processor 4
  Max Mhz: 2419, Current Mhz: 2419, Mhz Limit: 2419
Processor Information for processor 5
  Max Mhz: 2419, Current Mhz: 2419, Mhz Limit: 2419
Processor Information for processor 6
  Max Mhz: 2419, Current Mhz: 2419, Mhz Limit: 2419
Processor Information for processor 7
  Max Mhz: 2419, Current Mhz: 2419, Mhz Limit: 2419

Memory: 4k page, system-wide physical 7886M (258M free)
TotalPageFile size 16078M (AvailPageFile size 4M)
current process WorkingSet (physical memory assigned to process): 89M, peak: 89M
current process commit charge ("private bytes"): 203M, peak: 203M

vm_info: Java HotSpot(TM) 64-Bit Server VM (25.0.2+10-LTS-69) for windows-amd64 JRE (25.0.2+10-LTS-69), built on 2025-12-18T11:36:35Z with MS VC++ 17.13 (VS2022)

END.
